\BOOKMARK [0][-]{chapter.1}{Introducci\363n}{}% 1
\BOOKMARK [0][-]{chapter.2}{Planteamiento\040del\040problema}{}% 2
\BOOKMARK [0][-]{chapter.3}{Justificaci\363n}{}% 3
\BOOKMARK [0][-]{chapter.4}{Objetivos}{}% 4
\BOOKMARK [1][-]{section.4.1}{Objetivo\040general}{chapter.4}% 5
\BOOKMARK [1][-]{section.4.2}{Objetivos\040espec\355ficos}{chapter.4}% 6
\BOOKMARK [0][-]{chapter.5}{Alcance}{}% 7
\BOOKMARK [1][-]{section.5.1}{Funcionalidades\040incluidas}{chapter.5}% 8
\BOOKMARK [1][-]{section.5.2}{Estructuras\040y\040mediciones\040contempladas}{chapter.5}% 9
\BOOKMARK [1][-]{section.5.3}{Validaci\363n\040incluida}{chapter.5}% 10
\BOOKMARK [1][-]{section.5.4}{Exclusiones\040del\040alcance}{chapter.5}% 11
\BOOKMARK [1][-]{section.5.5}{Alcance\040del\040documento\040final}{chapter.5}% 12
\BOOKMARK [0][-]{chapter.6}{Descripci\363n\040de\040la\040soluci\363n\040propuesta}{}% 13
\BOOKMARK [1][-]{section.6.1}{Descripci\363n\040general\040del\040flujo}{chapter.6}% 14
\BOOKMARK [1][-]{section.6.2}{Componentes\040principales\040del\040prototipo}{chapter.6}% 15
\BOOKMARK [1][-]{section.6.3}{Rol\040del\040profesional\040y\040resultado\040esperado}{chapter.6}% 16
\BOOKMARK [0][-]{chapter.7}{Estado\040del\040arte}{}% 17
\BOOKMARK [1][-]{section.7.1}{Prop\363sito\040y\040alcance}{chapter.7}% 18
\BOOKMARK [1][-]{section.7.2}{Estrategia\040de\040b\372squeda\040y\040criterios\040de\040selecci\363n}{chapter.7}% 19
\BOOKMARK [1][-]{section.7.3}{Datasets\040y\040benchmarks\040para\040RM\040lumbar}{chapter.7}% 20
\BOOKMARK [2][-]{subsection.7.3.1}{SPIDER\040como\040dataset\040base}{section.7.3}% 21
\BOOKMARK [2][-]{subsection.7.3.2}{LumbarDISC\040como\040referencia\040complementaria}{section.7.3}% 22
\BOOKMARK [1][-]{section.7.4}{Modelos\040y\040sistemas\040de\040segmentaci\363n}{chapter.7}% 23
\BOOKMARK [1][-]{section.7.5}{Mediciones\040derivadas\040de\040segmentaciones}{chapter.7}% 24
\BOOKMARK [1][-]{section.7.6}{Soluciones\040comerciales\040y\040regulatorias}{chapter.7}% 25
\BOOKMARK [1][-]{section.7.7}{Herramientas\040abiertas\040y\040sustitutos\040parciales}{chapter.7}% 26
\BOOKMARK [1][-]{section.7.8}{Brecha\040identificada}{chapter.7}% 27
\BOOKMARK [1][-]{section.7.9}{Conclusiones\040del\040estado\040del\040arte}{chapter.7}% 28
\BOOKMARK [0][-]{chapter.8}{Marco\040te\363rico}{}% 29
\BOOKMARK [1][-]{section.8.1}{Prop\363sito\040y\040alcance}{chapter.8}% 30
\BOOKMARK [1][-]{section.8.2}{RM\040lumbar\040y\040plano\040sagital}{chapter.8}% 31
\BOOKMARK [1][-]{section.8.3}{Anatom\355a\040relevante}{chapter.8}% 32
\BOOKMARK [1][-]{section.8.4}{Representaci\363n\040computacional\040de\040im\341genes\040m\351dicas}{chapter.8}% 33
\BOOKMARK [1][-]{section.8.5}{Segmentaci\363n\040m\351dica\040y\040ground\040truth}{chapter.8}% 34
\BOOKMARK [1][-]{section.8.6}{Modelos\040de\040aprendizaje\040profundo\040para\040segmentaci\363n}{chapter.8}% 35
\BOOKMARK [1][-]{section.8.7}{Mediciones\040cuantitativas\040desde\040m\341scaras}{chapter.8}% 36
\BOOKMARK [1][-]{section.8.8}{M\351tricas\040de\040evaluaci\363n}{chapter.8}% 37
\BOOKMARK [1][-]{section.8.9}{Visualizaci\363n,\040salida\040editable\040y\040trazabilidad}{chapter.8}% 38
\BOOKMARK [1][-]{section.8.10}{IA\040asistiva,\040privacidad\040y\040l\355mites\040normativos}{chapter.8}% 39
\BOOKMARK [1][-]{section.8.11}{S\355ntesis\040conceptual}{chapter.8}% 40
\BOOKMARK [0][-]{appendix.Alph1}{Glosario\040t\351cnico}{}% 41
\BOOKMARK [0][-]{appendix.Alph2}{Figuras\040anat\363micas\040de\040referencia}{}% 42
\BOOKMARK [1][-]{section.Alph2.1}{Esquema\040simplificado\040de\040columna\040lumbar\040sagital}{appendix.Alph2}% 43
\BOOKMARK [1][-]{section.Alph2.2}{Esquema\040conceptual\040de\040segmentaci\363n}{appendix.Alph2}% 44
\BOOKMARK [0][-]{appendix*.2}{Referencias}{}% 45
\BOOKMARK [0][-]{appendix*.4}{Bibliograf\355a\040y\040recursos\040adicionales}{}% 46
